0000013a A num_got_entries
bc000000 T _start
bc000400 t reset
bc000684 t CPLL_READY
bc0006e8 t CPLL_DONE
bc000728 t LDO_1P8V
bc000740 t LDO_2P5V
bc000754 t DDRLDO_SOFT_START
bc000774 t LDO_DELAY
bc000798 t SET_RG_BUCK_FPWM
bc0007ac t DDR_PAD_CFG
bc00083c t MT7628_KN_PAD
bc000860 t MT7628_AN_DDR1_PAD
bc0008a4 t MT7628_AN_DDR2_PAD
bc0008d0 t SET_PAD_CFG
bc000948 t DDR_READY
bc000b0c t SDRAM_INIT_DOWN
bc000b14 t tRFCinit
bc000b80 T relocate_code
bc000bdc t in_ram
bc000c3c t romReserved
bc000c40 t romExcHandle
bc000c44 T init_cpu_pll
bc000d9c t CPLL_EXIT
bc000da0 T SDR_CFG0_TBL
bc000dc0 T SDR_CFG1_TBL
bc000de0 T DDR1_CFG0_TBL
bc000e08 T DDR1_CFG1_TBL
bc000e30 t DDR1_CFG2_TBL
bc000e58 t DDR1_CFG3_TBL
bc000e80 t DDR1_CFG4_TBL
bc000ea8 T DDR2_CFG0_TBL
bc000ec8 T DDR2_CFG1_TBL
bc000ee8 t DDR2_CFG2_TBL
bc000f08 t DDR2_CFG3_TBL
bc000f28 t DDR2_CFG4_TBL
bc000f50 T sbrk
bc000fa0 T board_init_f
bc001240 T OperationSelect
bc001328 T tftp_config
bc001784 T trigger_hw_reset
bc00178c T config_usb_ehciohci
bc0017c4 T disable_pcie
bc0017fc T gpio_init
bc001884 T led_on
bc00189c T led_off
bc0018b4 T detect_wps
bc001914 T gpio_test
bc001ae0 T board_init_r
bc002a88 T hang
bc002ab8 T rw_rf_reg
bc002bb4 T do_rw_rf
bc002cf4 T all_led_on
bc002d1c T all_led_off
bc002d50 t mips_count_get
bc002d58 T timer_init
bc002d6c T get_timer
bc002db0 T udelay
bc002e40 T mdelay
bc002e90 T NetSetEther
bc002f10 T ArpRequest
bc00307c t startAgainTimeout
bc003098 t startAgainHandler
bc0030a0 T NetSetTimeout
bc003104 T NetSetHandler
bc00311c T NetStartAgain
bc003210 T ArpTimeoutCheck
bc0032e0 T NetSendPacket
bc0032f8 T NetCksum
bc003340 T NetSetIP
bc0034b4 T NetSendUDPPacket
bc003680 T NetCksumOk
bc0036c0 T NetEthHdrSize
bc0036c8 T copy_filename
bc00373c T ip_to_string
bc0037bc T string_to_ip
bc003880 T getenv_IPaddr
bc0038bc T NetLoop
bc003d68 T print_IPaddr
bc003dac T NetSendHttpd
bc003e44 T NetReceiveHttpd
bc003f28 T NetReceive
bc004538 T NetLoopHttpd
bc004a10 T TftpSend
bc004c30 t TftpHandler
bc004fe0 t TftpTimeout
bc005074 T TftpStart
bc005320 T eth_parse_enetaddr
bc0053c0 T eth_register
bc00542c T eth_initialize
bc00566c T eth_try_another
bc0056a4 T eth_init
bc005754 T eth_halt
bc0057ac T eth_send
bc0057e4 T eth_rx
bc005820 T HttpdHandler
bc00597c T HttpdStart
bc0059b4 T do_http_upgrade
bc005a88 T do_http_progress
bc005ca0 T uip_init
bc005d3c T uip_unlisten
bc005d98 T uip_listen
bc005df4 t uip_add_rcv_nxt
bc005e70 T uip_process
bc006ea0 T uip_add32
bc006f74 T uip_chksum
bc006fec T uip_ipchksum
bc007028 T uip_tcpchksum
bc007190 T uip_arp_init
bc007210 T uip_arp_timer
bc0072d8 t uip_arp_update
bc0074b8 T uip_arp_ipin
bc007548 T uip_arp_arpin
bc0076c0 T uip_arp_out
bc007910 t httpd_download_progress
bc007988 T httpd_init
bc0079c4 t httpd_state_reset
bc007a24 t httpd_findandstore_firstchunk
bc007d20 T httpd_appcall
bc008610 T fs_open
bc0086a8 T fs_init
bc0086b0 T START_ETH
bc008710 T STOP_ETH
bc008778 T rt2880_free_buf_entry_dequeue
bc0087ac t rt2880_free_buf_entry_enqueue
bc00882c T rt2880_eth_initialize
bc008a7c T LANWANPartition
bc008a84 T isDMABusy
bc008af4 t rt2880_eth_init
bc008e10 T mt7628_ephy_init
bc009084 T rt305x_esw_init
bc0091c4 t rt2880_eth_send
bc0093c4 t rt2880_eth_recv
bc0095b0 T rt2880_eth_halt
bc0095c8 t delete_char
bc009720 T readline
bc009a04 T input_value
bc009aa0 T enable_mdio
bc009aa8 T mii_mgr_read
bc009bf4 T mii_mgr_write
bc009d3c T dump_phy_reg
bc009ef0 T rt2880_mdio_access
bc00a3a0 t bbu_spic_busy_wait
bc00a434 T spic_init
bc00a43c t bbu_mb_spic_trans
bc00a780 t bbu_spic_trans
bc00aac0 t raspi_read_rg
bc00ab10 t raspi_read_sr
bc00ab30 t raspi_write_rg
bc00ab84 t raspi_write_sr
bc00aba4 t raspi_read_devid
bc00ac40 t raspi_wait_ready
bc00ad44 t raspi_4byte_mode
bc00afc0 T chip_prob
bc00b100 T raspi_init
bc00b148 T raspi_erase
bc00b358 T raspi_read
bc00b4dc T raspi_write
bc00b818 T raspi_erase_write
bc00bc08 T do_mem_cp
bc00bd34 T do_flerase
bc00c028 T ralink_spi_command
bc00c630 T run_command
bc00cb34 T main_loop
bc00cc40 T do_go
bc00cd20 T print_image_hdr
bc00d0d4 T do_bootm
bc00d6e0 T send_pad
bc00d738 T ktrans
bc00d774 T chk1
bc00d7ac T s1_sendpacket
bc00d80c T send_ack
bc00d898 T send_nack
bc00d924 t bin_data_init
bc00d954 t bin_data_char
bc00d9a0 T k_data_init
bc00d9c0 T k_data_save
bc00da10 T k_data_restore
bc00da60 T k_data_char
bc00db04 T handle_send_packet
bc00dd64 T do_load_serial_bin
bc00e3b0 T do_tftpb
bc00e7e0 T cmd_get_data_size
bc00e898 T do_mem_md
bc00eb68 T do_mem_base
bc00ebd4 T do_mem_loop
bc00ed5c t mod_mem
bc00ef68 T do_mem_nm
bc00efb0 T do_mem_mm
bc00f000 t envmatch
bc00f0a4 T do_printenv
bc00f314 T _do_setenv
bc00fa04 T setenv
bc00fa58 T do_setenv
bc00facc T getenv
bc00fba4 T do_saveenv
bc00fc00 T do_version
bc00fc40 T find_cmd
bc00fd60 T do_help
bc00fff0 t console_setfile
bc0100d8 T serial_printf
bc010130 T fgetc
bc010168 T ftstc
bc0101a0 T fputc
bc0101e4 T fputs
bc010224 T fprintf
bc010284 T getc
bc0102c4 T tstc
bc010304 T putc
bc01034c T puts
bc01038c T printf
bc0103e4 T vprintf
bc010430 T ctrlc
bc0104b4 T disable_ctrlc
bc0104d0 T had_ctrlc
bc0104e8 T clear_ctrlc
bc010500 T dbg
bc010510 T console_assign
bc01062c T console_init_f
bc01063c T console_init_r
bc0107b0 T device_register
bc0107f4 T devices_init
bc0108f0 T devices_done
bc010930 T malloc_bin_reloc
bc010970 t do_check_chunk
bc010978 t do_check_free_chunk
bc010980 t do_check_inuse_chunk
bc010988 t do_check_malloced_chunk
bc010990 T malloc_trim
bc010ab8 T free
bc010d2c T malloc
bc011478 T realloc
bc0119ec T memalign
bc011b84 T valloc
bc011ba0 T pvalloc
bc011bc4 T calloc
bc011cd8 T cfree
bc011cf0 T malloc_usable_size
bc011d48 T mallopt
bc011de0 T env_crc_update
bc011e30 t env_get_char_init
bc011e7c T env_get_char_memory
bc011eb0 T env_get_addr
bc011ee0 T env_relocate
bc011fd0 t dummy
bc011fd8 T get_version
bc011fe0 T jumptable_init
bc012080 T NewHandle
bc01212c T DisposeHandle
bc012188 T GetHandleSize
bc012190 T SetHandleSize
bc012258 T ListCreate
bc0122c8 T ListDispose
bc0122e0 T ListInsertItems
bc01252c T ListInsertItem
bc012544 T ListGetPtrToItem
bc012584 T ListNumItems
bc012590 T env_get_char_spec
bc0125a0 T env_init
bc0125c4 T spi_env_init
bc012690 T saveenv
bc0127ec T env_relocate_spec
bc012820 T crc32
bc012a40 T display_options
bc012a80 T print_size
bc012b90 T strchr
bc012bcc T strlen
bc012bf0 T strrchr
bc012c68 T strnlen
bc012ca4 T memset
bc012cd0 T memcpy
bc012d00 T memmove
bc012d7c T memcmp
bc012dac T strstr
bc012e70 T simple_strtoul
bc012f64 T simple_strtol
bc012fb4 t skip_atoi
bc013014 t number
bc013288 T vsprintf
bc0137e4 T sprintf
bc013820 T panic
bc0138a0 T RangeDecoderReadByte
bc0138d4 T RangeDecoderInit
bc01395c T RangeDecoderDecodeDirectBits
bc013a18 T RangeDecoderBitDecode
bc013b2c T RangeDecoderBitTreeDecode
bc013bc0 T RangeDecoderReverseBitTreeDecode
bc013c64 T LzmaLiteralDecode
bc013cd4 T LzmaLiteralDecodeMatch
bc013dac T LzmaLenDecode
bc013e98 T LzmaDecode
bc01430c T lzmaBuffToBuffDecompress
bc014520 T get_ram_size
bc014654 T initdram
bc014690 T checkboard
bc0146a0 T serial_setbrg
bc014704 T serial_init
bc01473c T serial_putc
bc014790 T serial_tstc
bc0147a4 T serial_getc
bc0147c8 T serial_puts
bc014820 T do_reset
bc014838 T flush_cache
bc0148d4 T flush_dcache_range
bc014914 T invalidate_dcache_range
bc014960 t linux_env_set
bc014a88 T do_bootm_linux
bc015270 R version_string
bc015350 r data_vt_png
bc01a3c4 r data_style_css
bc01a570 r data_index_html
bc01a928 r data_flashing_html
bc01aec8 r data_fail_html
bc01b0b4 r data_404_html
bc01b290 r __func__.2
bc01b2a4 r __func__.8
bc01b2b8 r __func__.1
bc01b2e4 r __func__.4
bc01b2f4 r __func__.3
bc01b304 r __func__.0
bc01b318 r __func__.9
bc01b32c r __func__.10
bc01b340 r __func__.6
bc01b350 r __func__.11
bc01b35c r __func__.7
bc01b368 r __func__.5
bc01b440 r baudrate_table
bc01b460 r p.0
bc01eaa0 D NetBcastAddr
bc01eab0 D uip_ethaddr
bc01eac0 d eol
bc01eac4 d eol2
bc01ead0 d tab_seq
bc01eadc d erase_seq
bc01eae0 D stm_opcodes
bc01eb20 D load_addr
bc01eb30 D dp_last_length
bc01eb40 d mmap_threshold
bc01eb44 d trim_threshold
bc01eb48 d sbrk_base
bc01eb50 D default_environment
bc01ebc0 d flash_addr
bc01ebd0 d crc_table_empty
bc01ebe0 D _ctype
bc01ece0 D file_vt_png
bc01ecf0 D file_style_css
bc01ed00 D file_index_html
bc01ed10 D file_flashing_html
bc01ed20 D file_fail_html
bc01ed30 D file_404_html
bc01ed40 d chips_data
bc01f0d0 D stdio_names
bc01f0dc d av_
bc01f4e4 D env_get_char
bc01f4e8 D env_name_spec
bc01f4f0 A _gp
bc01f4f0 D _GLOBAL_OFFSET_TABLE_
bc01f4f0 D __got_start
bc01f9d8 A __u_boot_cmd_start
bc01f9d8 D __got_end
bc01f9d8 D __u_boot_cmd_rf
bc01f9f0 D __u_boot_cmd_mdio
bc01fa08 D __u_boot_cmd_spi
bc01fa20 D __u_boot_cmd_erase
bc01fa38 D __u_boot_cmd_cp
bc01fa50 D __u_boot_cmd_reset
bc01fa68 D __u_boot_cmd_go
bc01fa80 D __u_boot_cmd_bootm
bc01fa98 D __u_boot_cmd_loadb
bc01fab0 D __u_boot_cmd_tftpboot
bc01fac8 D __u_boot_cmd_nm
bc01fae0 D __u_boot_cmd_mm
bc01faf8 D __u_boot_cmd_md
bc01fb10 D __u_boot_cmd_saveenv
bc01fb28 D __u_boot_cmd_setenv
bc01fb40 D __u_boot_cmd_printenv
bc01fb58 D __u_boot_cmd_question_mark
bc01fb70 D __u_boot_cmd_help
bc01fb88 D __u_boot_cmd_version
bc01fba0 A __u_boot_cmd_end
bc01fba0 A uboot_end_data
bc01fba0 B modifies
bc01fba4 b mem_malloc_start
bc01fba8 b mem_malloc_end
bc01fbac b mem_malloc_brk
bc01fbb0 b file_name_space
bc01fc30 B NetTxPacket
bc01fc34 B NetEtherNullAddr
bc01fc3c B NetServerEther
bc01fc42 B NetBootFileSize
bc01fc44 B NetOurRootPath
bc01fc84 B NetOurHostName
bc01fca4 B NetOurNISDomain
bc01fcc4 B NetOurDNSIP
bc01fcc8 B NetOurGatewayIP
bc01fccc B NetOurSubnetMask
bc01fcd0 B webfailsafe_upgrade_type
bc01fcd4 B webfailsafe_ready_for_upgrade
bc01fcd8 B webfailsafe_is_running
bc01fcdc B webfailsafe_data_pointer
bc01fce0 b packetHandler
bc01fce4 b timeHandler
bc01fce8 b timeStart
bc01fcec b timeDelta
bc01fcf0 b TftpServerPort
bc01fcf4 b TftpOurPort
bc01fcf8 b TftpTimeoutCount
bc01fcfc b TftpBlock
bc01fd00 b TftpLastBlock
bc01fd04 b TftpBlockWrap
bc01fd08 b TftpBlockWrapOffset
bc01fd0c b TftpState
bc01fd10 b default_filename
bc01fd20 b tftp_filename
bc01fd30 b first_failed.0
bc01fd34 b eth_devices
bc01fd38 b eth_current
bc01fd40 b arptimer
bc01fd50 b ipid
bc01fd54 b iss
bc01fd58 b c
bc01fd59 b opt
bc01fd5a b tmp16
bc01fd60 b arp_table
bc01fd78 b ipaddr
bc01fd7c b i
bc01fd7d b c
bc01fd7e b arptime
bc01fd7f b tmpage
bc01fd80 b webfailsafe_upload_failed
bc01fd84 b webfailsafe_post_done
bc01fd88 b data_start_found
bc01fd8c b post_packet_counter
bc01fd90 b boundary_value
bc01fda0 b rt2880_free_buf
bc020080 b tx_ring0_cache
bc020200 b rx_ring_cache
bc020380 b rx_dma_owner_idx0
bc020384 b rx_wants_alloc_idx0
bc020388 b tx_cpu_owner_idx0
bc02038c b rx_ring
bc020390 b tx_ring0
bc020394 b rxRingSize
bc020395 b txRingSize
bc020398 b rt2880_eth_initd
bc02039c b PKT_HEADER_Buf_Pool
bc036be0 B spi_chip_info
bc036bf0 b lastcommand.0
bc036cf0 b a_b
bc036d08 b os_data_state
bc036d0c b os_data_state_saved
bc036d10 b os_data_count_saved
bc036d14 b os_data_addr
bc036d18 b os_data_addr_saved
bc036d1c b bin_start_address
bc036d20 b k_data_escape
bc036d24 b k_data_escape_saved
bc036d30 b base_address
bc036d40 b ctrlc_was_pressed
bc036d44 b ctrlc_disabled
bc036d50 B stdio_devices
bc036d5c B devlist
bc036d60 b n_mmaps_max
bc036d64 b top_pad
bc036d68 b current_mallinfo
bc036d90 b max_total_mem
bc036d94 b mmapped_mem
bc036d98 b max_sbrked_mem
bc036da0 b crc_table
bc0371a0 b linux_argc
bc0371a4 b linux_argv
bc0371a8 b linux_env
bc0371ac b linux_env_p
bc0371b0 b linux_env_idx
bc0371c0 B gd_data
bc0371e4 B Pkt_Buf_Pool
bc04e624 B NetRxPackets
bc04e714 B BootFile
bc04e794 B NetArpWaitPacketBuf
bc04edd4 B uip_conns
bc04ee2c B uip_buf
bc04f40c B console_buffer
bc04f50c B console_history
bc04ff0c B header
bc04ff4c B os_data_header
bc04ff6c B send_parms
bc04ff80 A uboot_end
bc04ff80 C monitor_flash_len
bc04ff84 C mips_bus_feq
bc04ff88 C mips_cpu_feq
bc04ff8c C NetArpWaitTry
bc04ff90 C NetArpWaitPacketMAC
bc04ff94 C NetOurEther
bc04ff9c C NetOurIP
bc04ffa0 C NetServerIP
bc04ffa4 C NetArpWaitTxPacketSize
bc04ffa8 C NetArpWaitReplyIP
bc04ffac C NetArpWaitTxPacket
bc04ffb0 C NetArpWaitPacketIP
bc04ffb4 C NetState
bc04ffb8 C NetIPID
bc04ffbc C NetRxPkt
bc04ffc0 C NetRxPktLen
bc04ffc4 C NetBootFileXferSize
bc04ffc8 C PktBuf
bc04ffcc C NetArpWaitTimerStart
bc04ffd0 C TftpStarted
bc04ffd4 C uip_len
bc04ffd8 C uip_sappdata
bc04ffdc C uip_acc32
bc04ffe0 C uip_flags
bc04ffe4 C uip_appdata
bc04ffe8 C uip_conn
bc04ffec C uip_arp_netmask
bc04fff0 C uip_listenports
bc04fff2 C uip_surglen
bc04fff4 C uip_urgdata
bc04fff8 C uip_hostaddr
bc04fffc C uip_arp_draddr
bc050000 C uip_urglen
bc050002 C uip_slen
bc050004 C hs
bc050008 C rt2880_free_buf_list
bc050010 C PKT_HEADER_Buf
bc050014 C rt2880_pdev
bc050018 C rt2880_busing_buf_list
bc050020 C his_pad_char
bc050024 C os_data_count
bc050028 C os_data_init
bc05002c C send_ptr
bc050030 C os_data_char
bc050034 C his_eol
bc050035 C his_quote
bc050038 C his_pad_count
bc05003c C dp_last_size
bc050040 C dp_last_addr
bc050044 C mm_last_size
bc050048 C mm_last_addr
bc05004c C env_ptr
bc050050 C ___strtok
